
Running 1 test using 1 worker

PAGE LOG: %cDownload the React DevTools for a better development experience: https://reactjs.org/link/react-devtools font-weight:bold
Starting coach flow test...
PAGE LOG: %cDownload the React DevTools for a better development experience: https://reactjs.org/link/react-devtools font-weight:bold
Navigated to /coach/templates
  Γ£ÿ  1 [chromium] ΓÇ║ e2e\coach-flow.spec.ts:19:9 ΓÇ║ Coach Routine Templates Flow ΓÇ║ should allow a coach to create a template and share it (8.4s)


  1) [chromium] ΓÇ║ e2e\coach-flow.spec.ts:19:9 ΓÇ║ Coach Routine Templates Flow ΓÇ║ should allow a coach to create a template and share it 

    Error: [2mexpect([22m[31mpage[39m[2m).[22mtoHaveURL[2m([22m[32mexpected[39m[2m)[22m failed

    Expected: [32m"http://localhost:3000/[7m**/[27mcoach/templates"[39m
    Received: [31m"http://localhost:3000/coach/templates"[39m
    Timeout:  5000ms

    Call log:
    [2m  - Expect "toHaveURL" with timeout 5000ms[22m
    [2m    9 ├ù unexpected value "http://localhost:3000/coach/templates"[22m


      22 |         await page.goto('/coach/templates');
      23 |         console.log('Navigated to /coach/templates');
    > 24 |         await expect(page).toHaveURL('**/coach/templates');
         |                            ^
      25 |
      26 |         // 2. Start new template creation
      27 |         await page.goto('/coach/templates/new');
        at C:\Users\VGoli\OneDrive - Blue Moon Industries, Incorporated\Documents\CS7180\Project 2\MindGame\e2e\coach-flow.spec.ts:24:28

    Error Context: test-results\coach-flow-Coach-Routine-T-8c4a3-ate-a-template-and-share-it-chromium\error-context.md

  1 failed
    [chromium] ΓÇ║ e2e\coach-flow.spec.ts:19:9 ΓÇ║ Coach Routine Templates Flow ΓÇ║ should allow a coach to create a template and share it 
